\BOOKMARK [1][-]{section.1}{\376\377\000S\000e\000c\000t\000i\000o\000n\000\040\000t\000h\000e\000\040\000F\000i\000r\000s\000t}{}% 1
\BOOKMARK [2][-]{subsection.1.1}{\376\377\000S\000u\000b\000s\000e\000c\000t\000i\000o\000n\000\040\000t\000h\000e\000\040\000s\000m\000o\000o\000c\000h}{section.1}% 2
\BOOKMARK [3][-]{subsubsection.1.1.1}{\376\377\000T\000h\000e\000\040\000d\000u\000m\000b\000e\000r\000\040\000s\000u\000b\000b\000y\000s\000u\000b\000b\000y\000s\000e\000c\000t\000i\000o\000n}{subsection.1.1}% 3
